Archive member included to satisfy reference by file (symbol)

D:/Application/ST/STM32CubeIDE_1.16.0/STM32CubeIDE/plugins/com.st.stm32cube.ide.mcu.externaltools.gnu-tools-for-stm32.12.3.rel1.win32_1.0.200.202406191623/tools/bin/../lib/gcc/arm-none-eabi/12.3.1/../../../../arm-none-eabi/lib/thumb/v7e-m+fp/hard\libc_nano.a(libc_a-exit.o)
                              D:/Application/ST/STM32CubeIDE_1.16.0/STM32CubeIDE/plugins/com.st.stm32cube.ide.mcu.externaltools.gnu-tools-for-stm32.12.3.rel1.win32_1.0.200.202406191623/tools/bin/../lib/gcc/arm-none-eabi/12.3.1/../../../../arm-none-eabi/lib/thumb/v7e-m+fp/hard/crt0.o (exit)
D:/Application/ST/STM32CubeIDE_1.16.0/STM32CubeIDE/plugins/com.st.stm32cube.ide.mcu.externaltools.gnu-tools-for-stm32.12.3.rel1.win32_1.0.200.202406191623/tools/bin/../lib/gcc/arm-none-eabi/12.3.1/../../../../arm-none-eabi/lib/thumb/v7e-m+fp/hard\libc_nano.a(libc_a-findfp.o)
                              D:/Application/ST/STM32CubeIDE_1.16.0/STM32CubeIDE/plugins/com.st.stm32cube.ide.mcu.externaltools.gnu-tools-for-stm32.12.3.rel1.win32_1.0.200.202406191623/tools/bin/../lib/gcc/arm-none-eabi/12.3.1/../../../../arm-none-eabi/lib/thumb/v7e-m+fp/hard\libc_nano.a(libc_a-exit.o) (__stdio_exit_handler)
D:/Application/ST/STM32CubeIDE_1.16.0/STM32CubeIDE/plugins/com.st.stm32cube.ide.mcu.externaltools.gnu-tools-for-stm32.12.3.rel1.win32_1.0.200.202406191623/tools/bin/../lib/gcc/arm-none-eabi/12.3.1/../../../../arm-none-eabi/lib/thumb/v7e-m+fp/hard\libc_nano.a(libc_a-fwalk.o)
                              D:/Application/ST/STM32CubeIDE_1.16.0/STM32CubeIDE/plugins/com.st.stm32cube.ide.mcu.externaltools.gnu-tools-for-stm32.12.3.rel1.win32_1.0.200.202406191623/tools/bin/../lib/gcc/arm-none-eabi/12.3.1/../../../../arm-none-eabi/lib/thumb/v7e-m+fp/hard\libc_nano.a(libc_a-findfp.o) (_fwalk_sglue)
D:/Application/ST/STM32CubeIDE_1.16.0/STM32CubeIDE/plugins/com.st.stm32cube.ide.mcu.externaltools.gnu-tools-for-stm32.12.3.rel1.win32_1.0.200.202406191623/tools/bin/../lib/gcc/arm-none-eabi/12.3.1/../../../../arm-none-eabi/lib/thumb/v7e-m+fp/hard\libc_nano.a(libc_a-stdio.o)
                              D:/Application/ST/STM32CubeIDE_1.16.0/STM32CubeIDE/plugins/com.st.stm32cube.ide.mcu.externaltools.gnu-tools-for-stm32.12.3.rel1.win32_1.0.200.202406191623/tools/bin/../lib/gcc/arm-none-eabi/12.3.1/../../../../arm-none-eabi/lib/thumb/v7e-m+fp/hard\libc_nano.a(libc_a-findfp.o) (__sread)
D:/Application/ST/STM32CubeIDE_1.16.0/STM32CubeIDE/plugins/com.st.stm32cube.ide.mcu.externaltools.gnu-tools-for-stm32.12.3.rel1.win32_1.0.200.202406191623/tools/bin/../lib/gcc/arm-none-eabi/12.3.1/../../../../arm-none-eabi/lib/thumb/v7e-m+fp/hard\libc_nano.a(libc_a-memset.o)
                              D:/Application/ST/STM32CubeIDE_1.16.0/STM32CubeIDE/plugins/com.st.stm32cube.ide.mcu.externaltools.gnu-tools-for-stm32.12.3.rel1.win32_1.0.200.202406191623/tools/bin/../lib/gcc/arm-none-eabi/12.3.1/../../../../arm-none-eabi/lib/thumb/v7e-m+fp/hard/crt0.o (memset)
D:/Application/ST/STM32CubeIDE_1.16.0/STM32CubeIDE/plugins/com.st.stm32cube.ide.mcu.externaltools.gnu-tools-for-stm32.12.3.rel1.win32_1.0.200.202406191623/tools/bin/../lib/gcc/arm-none-eabi/12.3.1/../../../../arm-none-eabi/lib/thumb/v7e-m+fp/hard\libc_nano.a(libc_a-closer.o)
                              D:/Application/ST/STM32CubeIDE_1.16.0/STM32CubeIDE/plugins/com.st.stm32cube.ide.mcu.externaltools.gnu-tools-for-stm32.12.3.rel1.win32_1.0.200.202406191623/tools/bin/../lib/gcc/arm-none-eabi/12.3.1/../../../../arm-none-eabi/lib/thumb/v7e-m+fp/hard\libc_nano.a(libc_a-stdio.o) (_close_r)
D:/Application/ST/STM32CubeIDE_1.16.0/STM32CubeIDE/plugins/com.st.stm32cube.ide.mcu.externaltools.gnu-tools-for-stm32.12.3.rel1.win32_1.0.200.202406191623/tools/bin/../lib/gcc/arm-none-eabi/12.3.1/../../../../arm-none-eabi/lib/thumb/v7e-m+fp/hard\libc_nano.a(libc_a-reent.o)
                              D:/Application/ST/STM32CubeIDE_1.16.0/STM32CubeIDE/plugins/com.st.stm32cube.ide.mcu.externaltools.gnu-tools-for-stm32.12.3.rel1.win32_1.0.200.202406191623/tools/bin/../lib/gcc/arm-none-eabi/12.3.1/../../../../arm-none-eabi/lib/thumb/v7e-m+fp/hard\libc_nano.a(libc_a-closer.o) (errno)
D:/Application/ST/STM32CubeIDE_1.16.0/STM32CubeIDE/plugins/com.st.stm32cube.ide.mcu.externaltools.gnu-tools-for-stm32.12.3.rel1.win32_1.0.200.202406191623/tools/bin/../lib/gcc/arm-none-eabi/12.3.1/../../../../arm-none-eabi/lib/thumb/v7e-m+fp/hard\libc_nano.a(libc_a-impure.o)
                              D:/Application/ST/STM32CubeIDE_1.16.0/STM32CubeIDE/plugins/com.st.stm32cube.ide.mcu.externaltools.gnu-tools-for-stm32.12.3.rel1.win32_1.0.200.202406191623/tools/bin/../lib/gcc/arm-none-eabi/12.3.1/../../../../arm-none-eabi/lib/thumb/v7e-m+fp/hard\libc_nano.a(libc_a-reent.o) (_impure_ptr)
[...]
Memory Configuration

Name             Origin             Length             Attributes
RAM              0x20000000         0x00020000         xrw
FLASH            0x08000000         0x00080000         xr
*default*        0x00000000         0xffffffff

Linker script and memory map

LOAD D:/Application/ST/STM32CubeIDE_1.16.0/STM32CubeIDE/plugins/com.st.stm32cube.ide.mcu.externaltools.gnu-tools-for-stm32.12.3.rel1.win32_1.0.200.202406191623/tools/bin/../lib/gcc/arm-none-eabi/12.3.1/thumb/v7e-m+fp/hard/crti.o
LOAD D:/Application/ST/STM32CubeIDE_1.16.0/STM32CubeIDE/plugins/com.st.stm32cube.ide.mcu.externaltools.gnu-tools-for-stm32.12.3.rel1.win32_1.0.200.202406191623/tools/bin/../lib/gcc/arm-none-eabi/12.3.1/thumb/v7e-m+fp/hard/crtbegin.o
LOAD D:/Application/ST/STM32CubeIDE_1.16.0/STM32CubeIDE/plugins/com.st.stm32cube.ide.mcu.externaltools.gnu-tools-for-stm32.12.3.rel1.win32_1.0.200.202406191623/tools/bin/../lib/gcc/arm-none-eabi/12.3.1/../../../../arm-none-eabi/lib/thumb/v7e-m+fp/hard/crt0.o
LOAD ./Core/Src/main.o
LOAD ./Core/Src/stm32f4xx_hal_msp.o
LOAD ./Core/Src/stm32f4xx_it.o
LOAD ./Core/Src/syscalls.o
LOAD ./Core/Src/sysmem.o
LOAD ./Core/Src/system_stm32f4xx.o
LOAD ./Core/Startup/startup_stm32f411retx.o
LOAD ./Drivers/STM32F4xx_HAL_Driver/Src/stm32f4xx_hal.o
LOAD ./Drivers/STM32F4xx_HAL_Driver/Src/stm32f4xx_hal_cortex.o
LOAD ./Drivers/STM32F4xx_HAL_Driver/Src/stm32f4xx_hal_dma.o
LOAD ./Drivers/STM32F4xx_HAL_Driver/Src/stm32f4xx_hal_dma_ex.o
LOAD ./Drivers/STM32F4xx_HAL_Driver/Src/stm32f4xx_hal_exti.o
LOAD ./Drivers/STM32F4xx_HAL_Driver/Src/stm32f4xx_hal_flash.o
LOAD ./Drivers/STM32F4xx_HAL_Driver/Src/stm32f4xx_hal_flash_ex.o
LOAD ./Drivers/STM32F4xx_HAL_Driver/Src/stm32f4xx_hal_flash_ramfunc.o
LOAD ./Drivers/STM32F4xx_HAL_Driver/Src/stm32f4xx_hal_gpio.o
LOAD ./Drivers/STM32F4xx_HAL_Driver/Src/stm32f4xx_hal_pwr.o
LOAD ./Drivers/STM32F4xx_HAL_Driver/Src/stm32f4xx_hal_pwr_ex.o
LOAD ./Drivers/STM32F4xx_HAL_Driver/Src/stm32f4xx_hal_rcc.o
LOAD ./Drivers/STM32F4xx_HAL_Driver/Src/stm32f4xx_hal_rcc_ex.o
LOAD ./Drivers/STM32F4xx_HAL_Driver/Src/stm32f4xx_hal_tim.o
LOAD ./Drivers/STM32F4xx_HAL_Driver/Src/stm32f4xx_hal_tim_ex.o
LOAD ./Drivers/STM32F4xx_HAL_Driver/Src/stm32f4xx_hal_uart.o
LOAD ./User/Src/button.o
LOAD ./User/Src/delay.o
LOAD ./User/Src/external_int.o
LOAD ./User/Src/fnd.o
LOAD ./User/Src/led.o
LOAD ./User/Src/stepper.o
LOAD ./User/Src/uart.o
START GROUP
LOAD D:/Application/ST/STM32CubeIDE_1.16.0/STM32CubeIDE/plugins/com.st.stm32cube.ide.mcu.externaltools.gnu-tools-for-stm32.12.3.rel1.win32_1.0.200.202406191623/tools/bin/../lib/gcc/arm-none-eabi/12.3.1/../../../../arm-none-eabi/lib/thumb/v7e-m+fp/hard\libc_nano.a
LOAD D:/Application/ST/STM32CubeIDE_1.16.0/STM32CubeIDE/plugins/com.st.stm32cube.ide.mcu.externaltools.gnu-tools-for-stm32.12.3.rel1.win32_1.0.200.202406191623/tools/bin/../lib/gcc/arm-none-eabi/12.3.1/../../../../arm-none-eabi/lib/thumb/v7e-m+fp/hard\libm.a
END GROUP
START GROUP
LOAD D:/Application/ST/STM32CubeIDE_1.16.0/STM32CubeIDE/plugins/com.st.stm32cube.ide.mcu.externaltools.gnu-tools-for-stm32.12.3.rel1.win32_1.0.200.202406191623/tools/bin/../lib/gcc/arm-none-eabi/12.3.1/thumb/v7e-m+fp/hard\libgcc.a
LOAD D:/Application/ST/STM32CubeIDE_1.16.0/STM32CubeIDE/plugins/com.st.stm32cube.ide.mcu.externaltools.gnu-tools-for-stm32.12.3.rel1.win32_1.0.200.202406191623/tools/bin/../lib/gcc/arm-none-eabi/12.3.1/../../../../arm-none-eabi/lib/thumb/v7e-m+fp/hard\libc_nano.a
END GROUP
START GROUP
LOAD D:/Application/ST/STM32CubeIDE_1.16.0/STM32CubeIDE/plugins/com.st.stm32cube.ide.mcu.externaltools.gnu-tools-for-stm32.12.3.rel1.win32_1.0.200.202406191623/tools/bin/../lib/gcc/arm-none-eabi/12.3.1/thumb/v7e-m+fp/hard\libgcc.a
LOAD D:/Application/ST/STM32CubeIDE_1.16.0/STM32CubeIDE/plugins/com.st.stm32cube.ide.mcu.externaltools.gnu-tools-for-stm32.12.3.rel1.win32_1.0.200.202406191623/tools/bin/../lib/gcc/arm-none-eabi/12.3.1/../../../../arm-none-eabi/lib/thumb/v7e-m+fp/hard\libc_nano.a
LOAD D:/Application/ST/STM32CubeIDE_1.16.0/STM32CubeIDE/plugins/com.st.stm32cube.ide.mcu.externaltools.gnu-tools-for-stm32.12.3.rel1.win32_1.0.200.202406191623/tools/bin/../lib/gcc/arm-none-eabi/12.3.1/../../../../arm-none-eabi/lib/thumb/v7e-m+fp/hard\libnosys.a
END GROUP
START GROUP
LOAD D:/Application/ST/STM32CubeIDE_1.16.0/STM32CubeIDE/plugins/com.st.stm32cube.ide.mcu.externaltools.gnu-tools-for-stm32.12.3.rel1.win32_1.0.200.202406191623/tools/bin/../lib/gcc/arm-none-eabi/12.3.1/thumb/v7e-m+fp/hard\libgcc.a
LOAD D:/Application/ST/STM32CubeIDE_1.16.0/STM32CubeIDE/plugins/com.st.stm32cube.ide.mcu.externaltools.gnu-tools-for-stm32.12.3.rel1.win32_1.0.200.202406191623/tools/bin/../lib/gcc/arm-none-eabi/12.3.1/../../../../arm-none-eabi/lib/thumb/v7e-m+fp/hard\libc_nano.a
LOAD D:/Application/ST/STM32CubeIDE_1.16.0/STM32CubeIDE/plugins/com.st.stm32cube.ide.mcu.externaltools.gnu-tools-for-stm32.12.3.rel1.win32_1.0.200.202406191623/tools/bin/../lib/gcc/arm-none-eabi/12.3.1/../../../../arm-none-eabi/lib/thumb/v7e-m+fp/hard\libnosys.a
END GROUP
LOAD D:/Application/ST/STM32CubeIDE_1.16.0/STM32CubeIDE/plugins/com.st.stm32cube.ide.mcu.externaltools.gnu-tools-for-stm32.12.3.rel1.win32_1.0.200.202406191623/tools/bin/../lib/gcc/arm-none-eabi/12.3.1/thumb/v7e-m+fp/hard/crtend.o
LOAD D:/Application/ST/STM32CubeIDE_1.16.0/STM32CubeIDE/plugins/com.st.stm32cube.ide.mcu.externaltools.gnu-tools-for-stm32.12.3.rel1.win32_1.0.200.202406191623/tools/bin/../lib/gcc/arm-none-eabi/12.3.1/thumb/v7e-m+fp/hard/crtn.o
                0x20020000                        _estack = (ORIGIN (RAM) + LENGTH (RAM))
                0x00000200                        _Min_Heap_Size = 0x200
                0x00000400                        _Min_Stack_Size = 0x400

.isr_vector     0x08000000      0x198
                0x08000000                        . = ALIGN (0x4)
 *(.isr_vector)
 .isr_vector    0x08000000      0x198 ./Core/Startup/startup_stm32f411retx.o
                0x08000000                g_pfnVectors
                0x08000198                        . = ALIGN (0x4)

.text           0x08000198     0x3654
                0x08000198                        . = ALIGN (0x4)
 *(.text)
 .text          0x08000198       0x40 D:/Application/ST/STM32CubeIDE_1.16.0/STM32CubeIDE/plugins/com.st.stm32cube.ide.mcu.externaltools.gnu-tools-for-stm32.12.3.rel1.win32_1.0.200.202406191623/tools/bin/../lib/gcc/arm-none-eabi/12.3.1/thumb/v7e-m+fp/hard/crtbegin.o
 .text          0x080001d8       0x30 D:/Application/ST/STM32CubeIDE_1.16.0/STM32CubeIDE/plugins/com.st.stm32cube.ide.mcu.externaltools.gnu-tools-for-stm32.12.3.rel1.win32_1.0.200.202406191623/tools/bin/../lib/gcc/arm-none-eabi/12.3.1/thumb/v7e-m+fp/hard\libgcc.a(_aeabi_uldivmod.o)
                0x080001d8                __aeabi_uldivmod
 .text          0x08000208      0x2bc D:/Application/ST/STM32CubeIDE_1.16.0/STM32CubeIDE/plugins/com.st.stm32cube.ide.mcu.externaltools.gnu-tools-for-stm32.12.3.rel1.win32_1.0.200.202406191623/tools/bin/../lib/gcc/arm-none-eabi/12.3.1/thumb/v7e-m+fp/hard\libgcc.a(_udivmoddi4.o)
                0x08000208                __udivmoddi4
 .text          0x080004c4        0x4 D:/Application/ST/STM32CubeIDE_1.16.0/STM32CubeIDE/plugins/com.st.stm32cube.ide.mcu.externaltools.gnu-tools-for-stm32.12.3.rel1.win32_1.0.200.202406191623/tools/bin/../lib/gcc/arm-none-eabi/12.3.1/thumb/v7e-m+fp/hard\libgcc.a(_dvmd_tls.o)
                0x080004c4                __aeabi_idiv0
                0x080004c4                __aeabi_ldiv0
 *(.text*)
 .text.main     0x080004c8       0xbc ./Core/Src/main.o
                0x080004c8                main
 .text.SystemClock_Config
                0x08000584       0xd0 ./Core/Src/main.o
                0x08000584                SystemClock_Config
 .text.MX_TIM10_Init
                0x08000654       0x48 ./Core/Src/main.o
 .text.MX_USART2_UART_Init
                0x0800069c       0x54 ./Core/Src/main.o
 .text.MX_GPIO_Init
                0x080006f0      0x1f0 ./Core/Src/main.o
 .text.Error_Handler
                0x080008e0        0xc ./Core/Src/main.o
                0x080008e0                Error_Handler
 .text.HAL_MspInit
                0x080008ec       0x50 ./Core/Src/stm32f4xx_hal_msp.o
                0x080008ec                HAL_MspInit
 .text.HAL_TIM_Base_MspInit
                0x0800093c       0x44 ./Core/Src/stm32f4xx_hal_msp.o
                0x0800093c                HAL_TIM_Base_MspInit
 .text.HAL_UART_MspInit
                0x08000980       0xa0 ./Core/Src/stm32f4xx_hal_msp.o
                0x08000980                HAL_UART_MspInit
 .text.NMI_Handler
                0x08000a20        0x8 ./Core/Src/stm32f4xx_it.o
                0x08000a20                NMI_Handler
 .text.HardFault_Handler
                0x08000a28        0x8 ./Core/Src/stm32f4xx_it.o
                0x08000a28                HardFault_Handler
 .text.MemManage_Handler
                0x08000a30        0x8 ./Core/Src/stm32f4xx_it.o
                0x08000a30                MemManage_Handler
 .text.BusFault_Handler
                0x08000a38        0x8 ./Core/Src/stm32f4xx_it.o
                0x08000a38                BusFault_Handler
 .text.UsageFault_Handler
                0x08000a40        0x8 ./Core/Src/stm32f4xx_it.o
                0x08000a40                UsageFault_Handler
 .text.SVC_Handler
                0x08000a48        0xe ./Core/Src/stm32f4xx_it.o
                0x08000a48                SVC_Handler
 .text.DebugMon_Handler
                0x08000a56        0xe ./Core/Src/stm32f4xx_it.o
                0x08000a56                DebugMon_Handler
 .text.PendSV_Handler
                0x08000a64        0xe ./Core/Src/stm32f4xx_it.o
                0x08000a64                PendSV_Handler
 .text.SysTick_Handler
                0x08000a72        0xc ./Core/Src/stm32f4xx_it.o
                0x08000a72                SysTick_Handler
 .text.EXTI3_IRQHandler
                0x08000a7e        0xe ./Core/Src/stm32f4xx_it.o
                0x08000a7e                EXTI3_IRQHandler
 .text.EXTI4_IRQHandler
                0x08000a8c        0xe ./Core/Src/stm32f4xx_it.o
                0x08000a8c                EXTI4_IRQHandler
 *fill*         0x08000a9a        0x2 
 .text.USART2_IRQHandler
                0x08000a9c       0x14 ./Core/Src/stm32f4xx_it.o
                0x08000a9c                USART2_IRQHandler
 .text.EXTI15_10_IRQHandler
                0x08000ab0       0x20 ./Core/Src/stm32f4xx_it.o
                0x08000ab0                EXTI15_10_IRQHandler
 .text.SystemInit
                0x08000ad0       0x24 ./Core/Src/system_stm32f4xx.o
                0x08000ad0                SystemInit
 .text.Reset_Handler
                0x08000af4       0x50 ./Core/Startup/startup_stm32f411retx.o
                0x08000af4                Reset_Handler
 .text.Default_Handler
                0x08000b44        0x2 ./Core/Startup/startup_stm32f411retx.o
                0x08000b44                RTC_Alarm_IRQHandler
                0x08000b44                EXTI2_IRQHandler
                0x08000b44                SPI4_IRQHandler
                0x08000b44                TIM1_CC_IRQHandler
                0x08000b44                DMA2_Stream5_IRQHandler
                0x08000b44                DMA1_Stream5_IRQHandler
                0x08000b44                PVD_IRQHandler
                0x08000b44                SDIO_IRQHandler
                0x08000b44                TAMP_STAMP_IRQHandler
                0x08000b44                TIM1_UP_TIM10_IRQHandler
                0x08000b44                I2C3_ER_IRQHandler
                0x08000b44                EXTI0_IRQHandler
                0x08000b44                I2C2_EV_IRQHandler
                0x08000b44                DMA1_Stream2_IRQHandler
                0x08000b44                FPU_IRQHandler
                0x08000b44                DMA2_Stream2_IRQHandler
                0x08000b44                SPI1_IRQHandler
                0x08000b44                TIM1_BRK_TIM9_IRQHandler
                0x08000b44                DMA2_Stream3_IRQHandler
                0x08000b44                USART6_IRQHandler
                0x08000b44                DMA2_Stream0_IRQHandler
                0x08000b44                TIM4_IRQHandler
                0x08000b44                I2C1_EV_IRQHandler
                0x08000b44                DMA1_Stream6_IRQHandler
                0x08000b44                DMA1_Stream1_IRQHandler
                0x08000b44                TIM3_IRQHandler
                0x08000b44                RCC_IRQHandler
                0x08000b44                Default_Handler
                0x08000b44                ADC_IRQHandler
                0x08000b44                DMA1_Stream7_IRQHandler
                0x08000b44                SPI5_IRQHandler
                0x08000b44                TIM5_IRQHandler
                0x08000b44                DMA2_Stream7_IRQHandler
                0x08000b44                I2C3_EV_IRQHandler
                0x08000b44                EXTI9_5_IRQHandler
                0x08000b44                RTC_WKUP_IRQHandler
                0x08000b44                SPI2_IRQHandler
                0x08000b44                DMA1_Stream0_IRQHandler
                0x08000b44                WWDG_IRQHandler
                0x08000b44                TIM2_IRQHandler
                0x08000b44                OTG_FS_WKUP_IRQHandler
                0x08000b44                TIM1_TRG_COM_TIM11_IRQHandler
                0x08000b44                EXTI1_IRQHandler
                0x08000b44                I2C2_ER_IRQHandler
                0x08000b44                DMA2_Stream1_IRQHandler
                0x08000b44                FLASH_IRQHandler
                0x08000b44                DMA2_Stream4_IRQHandler
                0x08000b44                USART1_IRQHandler
                0x08000b44                OTG_FS_IRQHandler
                0x08000b44                SPI3_IRQHandler
                0x08000b44                DMA1_Stream4_IRQHandler
                0x08000b44                I2C1_ER_IRQHandler
                0x08000b44                DMA2_Stream6_IRQHandler
                0x08000b44                DMA1_Stream3_IRQHandler
 *fill*         0x08000b46        0x2 
 .text.HAL_Init
                0x08000b48       0x44 ./Drivers/STM32F4xx_HAL_Driver/Src/stm32f4xx_hal.o
                0x08000b48                HAL_Init
 .text.HAL_InitTick
                0x08000b8c       0x60 ./Drivers/STM32F4xx_HAL_Driver/Src/stm32f4xx_hal.o
                0x08000b8c                HAL_InitTick
 .text.HAL_IncTick
                0x08000bec       0x28 ./Drivers/STM32F4xx_HAL_Driver/Src/stm32f4xx_hal.o
                0x08000bec                HAL_IncTick
 .text.HAL_GetTick
                0x08000c14       0x18 ./Drivers/STM32F4xx_HAL_Driver/Src/stm32f4xx_hal.o
                0x08000c14                HAL_GetTick
 .text.HAL_Delay
                0x08000c2c       0x48 ./Drivers/STM32F4xx_HAL_Driver/Src/stm32f4xx_hal.o
                0x08000c2c                HAL_Delay
 .text.__NVIC_SetPriorityGrouping
                0x08000c74       0x48 ./Drivers/STM32F4xx_HAL_Driver/Src/stm32f4xx_hal_cortex.o
 .text.__NVIC_GetPriorityGrouping
                0x08000cbc       0x1c ./Drivers/STM32F4xx_HAL_Driver/Src/stm32f4xx_hal_cortex.o
 .text.__NVIC_EnableIRQ
                0x08000cd8       0x3c ./Drivers/STM32F4xx_HAL_Driver/Src/stm32f4xx_hal_cortex.o
 .text.__NVIC_SetPriority
                0x08000d14       0x54 ./Drivers/STM32F4xx_HAL_Driver/Src/stm32f4xx_hal_cortex.o
 .text.NVIC_EncodePriority
                0x08000d68       0x66 ./Drivers/STM32F4xx_HAL_Driver/Src/stm32f4xx_hal_cortex.o
 *fill*         0x08000dce        0x2 
 .text.SysTick_Config
                0x08000dd0       0x44 ./Drivers/STM32F4xx_HAL_Driver/Src/stm32f4xx_hal_cortex.o
 .text.HAL_NVIC_SetPriorityGrouping
                0x08000e14       0x16 ./Drivers/STM32F4xx_HAL_Driver/Src/stm32f4xx_hal_cortex.o
                0x08000e14                HAL_NVIC_SetPriorityGrouping
 .text.HAL_NVIC_SetPriority
                0x08000e2a       0x38 ./Drivers/STM32F4xx_HAL_Driver/Src/stm32f4xx_hal_cortex.o
                0x08000e2a                HAL_NVIC_SetPriority
 .text.HAL_NVIC_EnableIRQ
                0x08000e62       0x1c ./Drivers/STM32F4xx_HAL_Driver/Src/stm32f4xx_hal_cortex.o
                0x08000e62                HAL_NVIC_EnableIRQ
 .text.HAL_SYSTICK_Config
                0x08000e7e       0x18 ./Drivers/STM32F4xx_HAL_Driver/Src/stm32f4xx_hal_cortex.o
                0x08000e7e                HAL_SYSTICK_Config
 .text.HAL_DMA_Abort
                0x08000e96       0xe0 ./Drivers/STM32F4xx_HAL_Driver/Src/stm32f4xx_hal_dma.o
                0x08000e96                HAL_DMA_Abort
 .text.HAL_DMA_Abort_IT
                0x08000f76       0x44 ./Drivers/STM32F4xx_HAL_Driver/Src/stm32f4xx_hal_dma.o
                0x08000f76                HAL_DMA_Abort_IT
 *fill*         0x08000fba        0x2 
 .text.HAL_GPIO_Init
                0x08000fbc      0x308 ./Drivers/STM32F4xx_HAL_Driver/Src/stm32f4xx_hal_gpio.o
                0x08000fbc                HAL_GPIO_Init
 .text.HAL_GPIO_ReadPin
                0x080012c4       0x30 ./Drivers/STM32F4xx_HAL_Driver/Src/stm32f4xx_hal_gpio.o
                0x080012c4                HAL_GPIO_ReadPin
 .text.HAL_GPIO_WritePin
                0x080012f4       0x32 ./Drivers/STM32F4xx_HAL_Driver/Src/stm32f4xx_hal_gpio.o
                0x080012f4                HAL_GPIO_WritePin
 *fill*         0x08001326        0x2 
 .text.HAL_GPIO_EXTI_IRQHandler
                0x08001328       0x30 ./Drivers/STM32F4xx_HAL_Driver/Src/stm32f4xx_hal_gpio.o
                0x08001328                HAL_GPIO_EXTI_IRQHandler
 .text.HAL_RCC_OscConfig
                0x08001358      0x4f0 ./Drivers/STM32F4xx_HAL_Driver/Src/stm32f4xx_hal_rcc.o
                0x08001358                HAL_RCC_OscConfig
 .text.HAL_RCC_ClockConfig
                0x08001848      0x1cc ./Drivers/STM32F4xx_HAL_Driver/Src/stm32f4xx_hal_rcc.o
                0x08001848                HAL_RCC_ClockConfig
 .text.HAL_RCC_GetSysClockFreq
                0x08001a14      0x20c ./Drivers/STM32F4xx_HAL_Driver/Src/stm32f4xx_hal_rcc.o
                0x08001a14                HAL_RCC_GetSysClockFreq
 .text.HAL_RCC_GetHCLKFreq
                0x08001c20       0x18 ./Drivers/STM32F4xx_HAL_Driver/Src/stm32f4xx_hal_rcc.o
                0x08001c20                HAL_RCC_GetHCLKFreq
 .text.HAL_RCC_GetPCLK1Freq
                0x08001c38       0x28 ./Drivers/STM32F4xx_HAL_Driver/Src/stm32f4xx_hal_rcc.o
                0x08001c38                HAL_RCC_GetPCLK1Freq
 .text.HAL_RCC_GetPCLK2Freq
                0x08001c60       0x28 ./Drivers/STM32F4xx_HAL_Driver/Src/stm32f4xx_hal_rcc.o
                0x08001c60                HAL_RCC_GetPCLK2Freq
 .text.HAL_TIM_Base_Init
                0x08001c88       0x9e ./Drivers/STM32F4xx_HAL_Driver/Src/stm32f4xx_hal_tim.o
                0x08001c88                HAL_TIM_Base_Init
 *fill*         0x08001d26        0x2 
 .text.HAL_TIM_Base_Start
                0x08001d28       0xb4 ./Drivers/STM32F4xx_HAL_Driver/Src/stm32f4xx_hal_tim.o
                0x08001d28                HAL_TIM_Base_Start
 .text.HAL_TIM_Base_Stop
                0x08001ddc       0x4e ./Drivers/STM32F4xx_HAL_Driver/Src/stm32f4xx_hal_tim.o
                0x08001ddc                HAL_TIM_Base_Stop
 *fill*         0x08001e2a        0x2 
 .text.TIM_Base_SetConfig
                0x08001e2c      0x118 ./Drivers/STM32F4xx_HAL_Driver/Src/stm32f4xx_hal_tim.o
                0x08001e2c                TIM_Base_SetConfig
 .text.HAL_UART_Init
                0x08001f44       0xa0 ./Drivers/STM32F4xx_HAL_Driver/Src/stm32f4xx_hal_uart.o
                0x08001f44                HAL_UART_Init
 .text.HAL_UART_Transmit_IT
                0x08001fe4       0x6c ./Drivers/STM32F4xx_HAL_Driver/Src/stm32f4xx_hal_uart.o
                0x08001fe4                HAL_UART_Transmit_IT
 .text.HAL_UART_Receive_IT
                0x08002050       0x4a ./Drivers/STM32F4xx_HAL_Driver/Src/stm32f4xx_hal_uart.o
                0x08002050                HAL_UART_Receive_IT
 *fill*         0x0800209a        0x2 
 .text.HAL_UART_IRQHandler
                0x0800209c      0x524 ./Drivers/STM32F4xx_HAL_Driver/Src/stm32f4xx_hal_uart.o
                0x0800209c                HAL_UART_IRQHandler
 .text.HAL_UART_ErrorCallback
                0x080025c0       0x14 ./Drivers/STM32F4xx_HAL_Driver/Src/stm32f4xx_hal_uart.o
                0x080025c0                HAL_UART_ErrorCallback
 .text.HAL_UARTEx_RxEventCallback
                0x080025d4       0x18 ./Drivers/STM32F4xx_HAL_Driver/Src/stm32f4xx_hal_uart.o
                0x080025d4                HAL_UARTEx_RxEventCallback
 .text.UART_Start_Receive_IT
                0x080025ec       0x74 ./Drivers/STM32F4xx_HAL_Driver/Src/stm32f4xx_hal_uart.o
                0x080025ec                UART_Start_Receive_IT
 .text.UART_EndRxTransfer
                0x08002660       0xc6 ./Drivers/STM32F4xx_HAL_Driver/Src/stm32f4xx_hal_uart.o
 .text.UART_DMAAbortOnError
                0x08002726       0x28 ./Drivers/STM32F4xx_HAL_Driver/Src/stm32f4xx_hal_uart.o
 .text.UART_Transmit_IT
                0x0800274e       0xa0 ./Drivers/STM32F4xx_HAL_Driver/Src/stm32f4xx_hal_uart.o
 .text.UART_EndTransmit_IT
                0x080027ee       0x30 ./Drivers/STM32F4xx_HAL_Driver/Src/stm32f4xx_hal_uart.o
 .text.UART_Receive_IT
                0x0800281e      0x17c ./Drivers/STM32F4xx_HAL_Driver/Src/stm32f4xx_hal_uart.o
 *fill*         0x0800299a        0x2 
 .text.UART_SetConfig
                0x0800299c      0x4e8 ./Drivers/STM32F4xx_HAL_Driver/Src/stm32f4xx_hal_uart.o
 .text.btnPress
                0x08002e84       0xb4 ./User/Src/button.o
                0x08002e84                btnPress
 .text.delay_us
                0x08002f38       0x38 ./User/Src/delay.o
                0x08002f38                delay_us
 .text.wait     0x08002f70       0x10 ./User/Src/delay.o
                0x08002f70                wait
 .text.HAL_GPIO_EXTI_Callback
                0x08002f80      0x118 ./User/Src/external_int.o
                0x08002f80                HAL_GPIO_EXTI_Callback
 .text.FND_DisplayDigit
                0x08003098       0xc4 ./User/Src/fnd.o
                0x08003098                FND_DisplayDigit
 .text.FND_Init
                0x0800315c       0x18 ./User/Src/fnd.o
                0x0800315c                FND_Init
 .text.stepMotor
                0x08003174       0x6c ./User/Src/stepper.o
                0x08003174                stepMotor
 .text.rotateSteps
                0x080031e0       0x64 ./User/Src/stepper.o
                0x080031e0                rotateSteps
 .text.infiniteRotation
                0x08003244       0xb0 ./User/Src/stepper.o
                0x08003244                infiniteRotation
 .text.findCurrentState
                0x080032f4       0xf8 ./User/Src/stepper.o
                0x080032f4                findCurrentState
 .text.HAL_UART_RxCpltCallback
                0x080033ec      0x124 ./User/Src/uart.o
                0x080033ec                HAL_UART_RxCpltCallback
 .text.HAL_UART_TxCpltCallback
                0x08003510      0x26c ./User/Src/uart.o
                0x08003510                HAL_UART_TxCpltCallback
 .text.memset   0x0800377c       0x10 D:/Application/ST/STM32CubeIDE_1.16.0/STM32CubeIDE/plugins/com.st.stm32cube.ide.mcu.externaltools.gnu-tools-for-stm32.12.3.rel1.win32_1.0.200.202406191623/tools/bin/../lib/gcc/arm-none-eabi/12.3.1/../../../../arm-none-eabi/lib/thumb/v7e-m+fp/hard\libc_nano.a(libc_a-memset.o)
                0x0800377c                memset
 .text.__libc_init_array
                0x0800378c       0x48 D:/Application/ST/STM32CubeIDE_1.16.0/STM32CubeIDE/plugins/com.st.stm32cube.ide.mcu.externaltools.gnu-tools-for-stm32.12.3.rel1.win32_1.0.200.202406191623/tools/bin/../lib/gcc/arm-none-eabi/12.3.1/../../../../arm-none-eabi/lib/thumb/v7e-m+fp/hard\libc_nano.a(libc_a-init.o)
                0x0800378c                __libc_init_array
 *(.glue_7)
 .glue_7        0x080037d4        0x0 linker stubs
 *(.glue_7t)
 .glue_7t       0x080037d4        0x0 linker stubs
 *(.eh_frame)
 .eh_frame      0x080037d4        0x0 D:/Application/ST/STM32CubeIDE_1.16.0/STM32CubeIDE/plugins/com.st.stm32cube.ide.mcu.externaltools.gnu-tools-for-stm32.12.3.rel1.win32_1.0.200.202406191623/tools/bin/../lib/gcc/arm-none-eabi/12.3.1/thumb/v7e-m+fp/hard/crtbegin.o
 *(.init)
 .init          0x080037d4        0x4 D:/Application/ST/STM32CubeIDE_1.16.0/STM32CubeIDE/plugins/com.st.stm32cube.ide.mcu.externaltools.gnu-tools-for-stm32.12.3.rel1.win32_1.0.200.202406191623/tools/bin/../lib/gcc/arm-none-eabi/12.3.1/thumb/v7e-m+fp/hard/crti.o
                0x080037d4                _init
 .init          0x080037d8        0x8 D:/Application/ST/STM32CubeIDE_1.16.0/STM32CubeIDE/plugins/com.st.stm32cube.ide.mcu.externaltools.gnu-tools-for-stm32.12.3.rel1.win32_1.0.200.202406191623/tools/bin/../lib/gcc/arm-none-eabi/12.3.1/thumb/v7e-m+fp/hard/crtn.o
 *(.fini)
 .fini          0x080037e0        0x4 D:/Application/ST/STM32CubeIDE_1.16.0/STM32CubeIDE/plugins/com.st.stm32cube.ide.mcu.externaltools.gnu-tools-for-stm32.12.3.rel1.win32_1.0.200.202406191623/tools/bin/../lib/gcc/arm-none-eabi/12.3.1/thumb/v7e-m+fp/hard/crti.o
                0x080037e0                _fini
 .fini          0x080037e4        0x8 D:/Application/ST/STM32CubeIDE_1.16.0/STM32CubeIDE/plugins/com.st.stm32cube.ide.mcu.externaltools.gnu-tools-for-stm32.12.3.rel1.win32_1.0.200.202406191623/tools/bin/../lib/gcc/arm-none-eabi/12.3.1/thumb/v7e-m+fp/hard/crtn.o
                0x080037ec                        . = ALIGN (0x4)
                0x080037ec                        _etext = .

.vfp11_veneer   0x080037ec        0x0
 .vfp11_veneer  0x080037ec        0x0 linker stubs

.v4_bx          0x080037ec        0x0
 .v4_bx         0x080037ec        0x0 linker stubs

.iplt           0x080037ec        0x0
 .iplt          0x080037ec        0x0 D:/Application/ST/STM32CubeIDE_1.16.0/STM32CubeIDE/plugins/com.st.stm32cube.ide.mcu.externaltools.gnu-tools-for-stm32.12.3.rel1.win32_1.0.200.202406191623/tools/bin/../lib/gcc/arm-none-eabi/12.3.1/thumb/v7e-m+fp/hard/crtbegin.o

.rodata         0x080037ec       0x44
                0x080037ec                        . = ALIGN (0x4)
 *(.rodata)
 *(.rodata*)
 .rodata.AHBPrescTable
                0x080037ec       0x10 ./Core/Src/system_stm32f4xx.o
                0x080037ec                AHBPrescTable
 .rodata.APBPrescTable
                0x080037fc        0x8 ./Core/Src/system_stm32f4xx.o
                0x080037fc                APBPrescTable
 .rodata.FND_SEGMENTS
                0x08003804        0xa ./User/Src/fnd.o
                0x08003804                FND_SEGMENTS
 *fill*         0x0800380e        0x2 
 .rodata.HALF_STEP_SEQ
                0x08003810       0x20 ./User/Src/stepper.o
                0x08003830                        . = ALIGN (0x4)

.ARM.extab      0x08003830        0x0
                0x08003830                        . = ALIGN (0x4)
 *(.ARM.extab* .gnu.linkonce.armextab.*)
                0x08003830                        . = ALIGN (0x4)

.ARM            0x08003830        0x8
                0x08003830                        . = ALIGN (0x4)
                0x08003830                        __exidx_start = .
 *(.ARM.exidx*)
 .ARM.exidx     0x08003830        0x8 D:/Application/ST/STM32CubeIDE_1.16.0/STM32CubeIDE/plugins/com.st.stm32cube.ide.mcu.externaltools.gnu-tools-for-stm32.12.3.rel1.win32_1.0.200.202406191623/tools/bin/../lib/gcc/arm-none-eabi/12.3.1/thumb/v7e-m+fp/hard\libgcc.a(_udivmoddi4.o)
                0x08003838                        __exidx_end = .
                0x08003838                        . = ALIGN (0x4)

.preinit_array  0x08003838        0x0
                0x08003838                        . = ALIGN (0x4)
                0x08003838                        PROVIDE (__preinit_array_start = .)
 *(.preinit_array*)
                0x08003838                        PROVIDE (__preinit_array_end = .)
                0x08003838                        . = ALIGN (0x4)

.init_array     0x08003838        0x4
                0x08003838                        . = ALIGN (0x4)
                0x08003838                        PROVIDE (__init_array_start = .)
 *(SORT_BY_NAME(.init_array.*))
 *(.init_array*)
 .init_array    0x08003838        0x4 D:/Application/ST/STM32CubeIDE_1.16.0/STM32CubeIDE/plugins/com.st.stm32cube.ide.mcu.externaltools.gnu-tools-for-stm32.12.3.rel1.win32_1.0.200.202406191623/tools/bin/../lib/gcc/arm-none-eabi/12.3.1/thumb/v7e-m+fp/hard/crtbegin.o
                0x0800383c                        PROVIDE (__init_array_end = .)
                0x0800383c                        . = ALIGN (0x4)

.fini_array     0x0800383c        0x4
                0x0800383c                        . = ALIGN (0x4)
                [!provide]                        PROVIDE (__fini_array_start = .)
 *(SORT_BY_NAME(.fini_array.*))
 *(.fini_array*)
 .fini_array    0x0800383c        0x4 D:/Application/ST/STM32CubeIDE_1.16.0/STM32CubeIDE/plugins/com.st.stm32cube.ide.mcu.externaltools.gnu-tools-for-stm32.12.3.rel1.win32_1.0.200.202406191623/tools/bin/../lib/gcc/arm-none-eabi/12.3.1/thumb/v7e-m+fp/hard/crtbegin.o
                [!provide]                        PROVIDE (__fini_array_end = .)
                0x08003840                        . = ALIGN (0x4)
                0x08003840                        _sidata = LOADADDR (.data)

.rel.dyn        0x08003840        0x0
 .rel.iplt      0x08003840        0x0 D:/Application/ST/STM32CubeIDE_1.16.0/STM32CubeIDE/plugins/com.st.stm32cube.ide.mcu.externaltools.gnu-tools-for-stm32.12.3.rel1.win32_1.0.200.202406191623/tools/bin/../lib/gcc/arm-none-eabi/12.3.1/thumb/v7e-m+fp/hard/crtbegin.o

.data           0x20000000      0x158 load address 0x08003840
                0x20000000                        . = ALIGN (0x4)
                0x20000000                        _sdata = .
 *(.data)
 *(.data*)
 .data.SystemCoreClock
                0x20000000        0x4 ./Core/Src/system_stm32f4xx.o
                0x20000000                SystemCoreClock
 .data.uwTickPrio
                0x20000004        0x4 ./Drivers/STM32F4xx_HAL_Driver/Src/stm32f4xx_hal.o
                0x20000004                uwTickPrio
 .data.uwTickFreq
                0x20000008        0x1 ./Drivers/STM32F4xx_HAL_Driver/Src/stm32f4xx_hal.o
                0x20000008                uwTickFreq
 *fill*         0x20000009        0x3 
 .data.btn_tbl  0x2000000c       0x18 ./User/Src/button.o
                0x2000000c                btn_tbl
 .data.currentFloor
                0x20000024        0x1 ./User/Src/external_int.o
                0x20000024                currentFloor
 *fill*         0x20000025        0x3 
 .data.Message  0x20000028       0x5f ./User/Src/external_int.o
                0x20000028                Message
 .data.state    0x20000087        0x1 ./User/Src/stepper.o
                0x20000087                state
 .data.ACK1     0x20000088       0x10 ./User/Src/uart.o
                0x20000088                ACK1
 .data.ACK2     0x20000098       0x1e ./User/Src/uart.o
                0x20000098                ACK2
 *fill*         0x200000b6        0x2 
 .data.ACK3     0x200000b8       0x42 ./User/Src/uart.o
                0x200000b8                ACK3
 *fill*         0x200000fa        0x2 
 .data.ACK4     0x200000fc       0x18 ./User/Src/uart.o
                0x200000fc                ACK4
 .data.ACK5     0x20000114       0x18 ./User/Src/uart.o
                0x20000114                ACK5
 .data.ACK6     0x2000012c       0x18 ./User/Src/uart.o
                0x2000012c                ACK6
 .data.Warn     0x20000144       0x12 ./User/Src/uart.o
                0x20000144                Warn
 *(.RamFunc)
 *(.RamFunc*)
                0x20000158                        . = ALIGN (0x4)
 *fill*         0x20000156        0x2 
                0x20000158                        _edata = .

.igot.plt       0x20000158        0x0 load address 0x08003998
 .igot.plt      0x20000158        0x0 D:/Application/ST/STM32CubeIDE_1.16.0/STM32CubeIDE/plugins/com.st.stm32cube.ide.mcu.externaltools.gnu-tools-for-stm32.12.3.rel1.win32_1.0.200.202406191623/tools/bin/../lib/gcc/arm-none-eabi/12.3.1/thumb/v7e-m+fp/hard/crtbegin.o
                0x20000158                        . = ALIGN (0x4)

.bss            0x20000158       0xc4 load address 0x08003998
                0x20000158                        _sbss = .
                0x20000158                        __bss_start__ = _sbss
 *(.bss)
 .bss           0x20000158       0x1c D:/Application/ST/STM32CubeIDE_1.16.0/STM32CubeIDE/plugins/com.st.stm32cube.ide.mcu.externaltools.gnu-tools-for-stm32.12.3.rel1.win32_1.0.200.202406191623/tools/bin/../lib/gcc/arm-none-eabi/12.3.1/thumb/v7e-m+fp/hard/crtbegin.o
 *(.bss*)
 .bss.htim10    0x20000174       0x48 ./Core/Src/main.o
                0x20000174                htim10
 .bss.huart2    0x200001bc       0x48 ./Core/Src/main.o
                0x200001bc                huart2
 .bss.rxData    0x20000204        0x1 ./Core/Src/main.o
                0x20000204                rxData
 *fill*         0x20000205        0x3 
 .bss.uwTick    0x20000208        0x4 ./Drivers/STM32F4xx_HAL_Driver/Src/stm32f4xx_hal.o
                0x20000208                uwTick
 .bss.btnState.0
                0x2000020c        0x3 ./User/Src/button.o
 .bss.interruptFlag
                0x2000020f        0x1 ./User/Src/external_int.o
                0x2000020f                interruptFlag
 .bss.i_global  0x20000210        0x4 ./User/Src/stepper.o
                0x20000210                i_global
 .bss.direction_global
                0x20000214        0x1 ./User/Src/stepper.o
                0x20000214                direction_global
 .bss.forcedMove
                0x20000215        0x1 ./User/Src/uart.o
                0x20000215                forcedMove
 .bss.restart   0x20000216        0x1 ./User/Src/uart.o
                0x20000216                restart
 .bss.choosingFloor
                0x20000217        0x1 ./User/Src/uart.o
                0x20000217                choosingFloor
 .bss.executeRotation
                0x20000218        0x1 ./User/Src/uart.o
                0x20000218                executeRotation
 .bss.nextMove  0x20000219        0x1 ./User/Src/uart.o
                0x20000219                nextMove
 *(COMMON)
                0x2000021c                        . = ALIGN (0x4)
 *fill*         0x2000021a        0x2 
                0x2000021c                        _ebss = .
                0x2000021c                        __bss_end__ = _ebss

._user_heap_stack
                0x2000021c      0x604 load address 0x08003998
                0x20000220                        . = ALIGN (0x8)
 *fill*         0x2000021c        0x4 
                [!provide]                        PROVIDE (end = .)
                0x20000220                        PROVIDE (_end = .)
                0x20000420                        . = (. + _Min_Heap_Size)
 *fill*         0x20000220      0x200 
                0x20000820                        . = (. + _Min_Stack_Size)
 *fill*         0x20000420      0x400 
                0x20000820                        . = ALIGN (0x8)

/DISCARD/
 libc.a(*)
 libm.a(*)
 libgcc.a(*)

.ARM.attributes
                0x00000000       0x30
 *(.ARM.attributes)
 .ARM.attributes
                0x00000000       0x22 D:/Application/ST/STM32CubeIDE_1.16.0/STM32CubeIDE/plugins/com.st.stm32cube.ide.mcu.externaltools.gnu-tools-for-stm32.12.3.rel1.win32_1.0.200.202406191623/tools/bin/../lib/gcc/arm-none-eabi/12.3.1/thumb/v7e-m+fp/hard/crti.o
 .ARM.attributes
                0x00000022       0x34 D:/Application/ST/STM32CubeIDE_1.16.0/STM32CubeIDE/plugins/com.st.stm32cube.ide.mcu.externaltools.gnu-tools-for-stm32.12.3.rel1.win32_1.0.200.202406191623/tools/bin/../lib/gcc/arm-none-eabi/12.3.1/thumb/v7e-m+fp/hard/crtbegin.o
 .ARM.attributes
                0x00000056       0x34 ./Core/Src/main.o
 .ARM.attributes
                0x0000008a       0x34 ./Core/Src/stm32f4xx_hal_msp.o
 .ARM.attributes
                0x000000be       0x34 ./Core/Src/stm32f4xx_it.o
 .ARM.attributes
                0x000000f2       0x34 ./Core/Src/system_stm32f4xx.o
 .ARM.attributes
                0x00000126       0x21 ./Core/Startup/startup_stm32f411retx.o
 .ARM.attributes
                0x00000147       0x34 ./Drivers/STM32F4xx_HAL_Driver/Src/stm32f4xx_hal.o
 .ARM.attributes
                0x0000017b       0x34 ./Drivers/STM32F4xx_HAL_Driver/Src/stm32f4xx_hal_cortex.o
 .ARM.attributes
                0x000001af       0x34 ./Drivers/STM32F4xx_HAL_Driver/Src/stm32f4xx_hal_dma.o
 .ARM.attributes
                0x000001e3       0x34 ./Drivers/STM32F4xx_HAL_Driver/Src/stm32f4xx_hal_gpio.o
 .ARM.attributes
                0x00000217       0x34 ./Drivers/STM32F4xx_HAL_Driver/Src/stm32f4xx_hal_rcc.o
 .ARM.attributes
                0x0000024b       0x34 ./Drivers/STM32F4xx_HAL_Driver/Src/stm32f4xx_hal_tim.o
 .ARM.attributes
                0x0000027f       0x34 ./Drivers/STM32F4xx_HAL_Driver/Src/stm32f4xx_hal_uart.o
 .ARM.attributes
                0x000002b3       0x34 ./User/Src/button.o
 .ARM.attributes
                0x000002e7       0x34 ./User/Src/delay.o
 .ARM.attributes
                0x0000031b       0x34 ./User/Src/external_int.o
 .ARM.attributes
                0x0000034f       0x34 ./User/Src/fnd.o
 .ARM.attributes
                0x00000383       0x34 ./User/Src/stepper.o
 .ARM.attributes
                0x000003b7       0x34 ./User/Src/uart.o
 .ARM.attributes
                0x000003eb       0x34 D:/Application/ST/STM32CubeIDE_1.16.0/STM32CubeIDE/plugins/com.st.stm32cube.ide.mcu.externaltools.gnu-tools-for-stm32.12.3.rel1.win32_1.0.200.202406191623/tools/bin/../lib/gcc/arm-none-eabi/12.3.1/../../../../arm-none-eabi/lib/thumb/v7e-m+fp/hard\libc_nano.a(libc_a-memset.o)
 .ARM.attributes
                0x0000041f       0x34 D:/Application/ST/STM32CubeIDE_1.16.0/STM32CubeIDE/plugins/com.st.stm32cube.ide.mcu.externaltools.gnu-tools-for-stm32.12.3.rel1.win32_1.0.200.202406191623/tools/bin/../lib/gcc/arm-none-eabi/12.3.1/../../../../arm-none-eabi/lib/thumb/v7e-m+fp/hard\libc_nano.a(libc_a-init.o)
 .ARM.attributes
                0x00000453       0x22 D:/Application/ST/STM32CubeIDE_1.16.0/STM32CubeIDE/plugins/com.st.stm32cube.ide.mcu.externaltools.gnu-tools-for-stm32.12.3.rel1.win32_1.0.200.202406191623/tools/bin/../lib/gcc/arm-none-eabi/12.3.1/thumb/v7e-m+fp/hard\libgcc.a(_aeabi_uldivmod.o)
 .ARM.attributes
                0x00000475       0x34 D:/Application/ST/STM32CubeIDE_1.16.0/STM32CubeIDE/plugins/com.st.stm32cube.ide.mcu.externaltools.gnu-tools-for-stm32.12.3.rel1.win32_1.0.200.202406191623/tools/bin/../lib/gcc/arm-none-eabi/12.3.1/thumb/v7e-m+fp/hard\libgcc.a(_udivmoddi4.o)
 .ARM.attributes
                0x000004a9       0x22 D:/Application/ST/STM32CubeIDE_1.16.0/STM32CubeIDE/plugins/com.st.stm32cube.ide.mcu.externaltools.gnu-tools-for-stm32.12.3.rel1.win32_1.0.200.202406191623/tools/bin/../lib/gcc/arm-none-eabi/12.3.1/thumb/v7e-m+fp/hard\libgcc.a(_dvmd_tls.o)
 .ARM.attributes
                0x000004cb       0x22 D:/Application/ST/STM32CubeIDE_1.16.0/STM32CubeIDE/plugins/com.st.stm32cube.ide.mcu.externaltools.gnu-tools-for-stm32.12.3.rel1.win32_1.0.200.202406191623/tools/bin/../lib/gcc/arm-none-eabi/12.3.1/thumb/v7e-m+fp/hard/crtn.o
OUTPUT(Elevator 5.1.elf elf32-littlearm)
LOAD linker stubs
LOAD D:/Application/ST/STM32CubeIDE_1.16.0/STM32CubeIDE/plugins/com.st.stm32cube.ide.mcu.externaltools.gnu-tools-for-stm32.12.3.rel1.win32_1.0.200.202406191623/tools/bin/../lib/gcc/arm-none-eabi/12.3.1/../../../../arm-none-eabi/lib/thumb/v7e-m+fp/hard\libc.a
LOAD D:/Application/ST/STM32CubeIDE_1.16.0/STM32CubeIDE/plugins/com.st.stm32cube.ide.mcu.externaltools.gnu-tools-for-stm32.12.3.rel1.win32_1.0.200.202406191623/tools/bin/../lib/gcc/arm-none-eabi/12.3.1/../../../../arm-none-eabi/lib/thumb/v7e-m+fp/hard\libm.a
LOAD D:/Application/ST/STM32CubeIDE_1.16.0/STM32CubeIDE/plugins/com.st.stm32cube.ide.mcu.externaltools.gnu-tools-for-stm32.12.3.rel1.win32_1.0.200.202406191623/tools/bin/../lib/gcc/arm-none-eabi/12.3.1/thumb/v7e-m+fp/hard\libgcc.a

.debug_info     0x00000000     0xd302
 .debug_info    0x00000000     0x1226 ./Core/Src/main.o
 .debug_info    0x00001226      0xed1 ./Core/Src/stm32f4xx_hal_msp.o
 .debug_info    0x000020f7      0x682 ./Core/Src/stm32f4xx_it.o
 .debug_info    0x00002779      0x53e ./Core/Src/system_stm32f4xx.o
 .debug_info    0x00002cb7       0x30 ./Core/Startup/startup_stm32f411retx.o
 .debug_info    0x00002ce7      0x8c4 ./Drivers/STM32F4xx_HAL_Driver/Src/stm32f4xx_hal.o
 .debug_info    0x000035ab      0xcc7 ./Drivers/STM32F4xx_HAL_Driver/Src/stm32f4xx_hal_cortex.o
 .debug_info    0x00004272      0x8e6 ./Drivers/STM32F4xx_HAL_Driver/Src/stm32f4xx_hal_dma.o
 .debug_info    0x00004b58      0x6f9 ./Drivers/STM32F4xx_HAL_Driver/Src/stm32f4xx_hal_gpio.o
 .debug_info    0x00005251      0x8f2 ./Drivers/STM32F4xx_HAL_Driver/Src/stm32f4xx_hal_rcc.o
 .debug_info    0x00005b43     0x2996 ./Drivers/STM32F4xx_HAL_Driver/Src/stm32f4xx_hal_tim.o
 .debug_info    0x000084d9     0x2f56 ./Drivers/STM32F4xx_HAL_Driver/Src/stm32f4xx_hal_uart.o
 .debug_info    0x0000b42f      0x276 ./User/Src/button.o
 .debug_info    0x0000b6a5      0x6dd ./User/Src/delay.o
 .debug_info    0x0000bd82      0x7b8 ./User/Src/external_int.o
 .debug_info    0x0000c53a      0x23b ./User/Src/fnd.o
 .debug_info    0x0000c775      0x369 ./User/Src/stepper.o
 .debug_info    0x0000cade      0x824 ./User/Src/uart.o

.debug_abbrev   0x00000000     0x237f
 .debug_abbrev  0x00000000      0x2de ./Core/Src/main.o
 .debug_abbrev  0x000002de      0x1fb ./Core/Src/stm32f4xx_hal_msp.o
 .debug_abbrev  0x000004d9      0x197 ./Core/Src/stm32f4xx_it.o
 .debug_abbrev  0x00000670      0x11a ./Core/Src/system_stm32f4xx.o
 .debug_abbrev  0x0000078a       0x24 ./Core/Startup/startup_stm32f411retx.o
 .debug_abbrev  0x000007ae      0x24b ./Drivers/STM32F4xx_HAL_Driver/Src/stm32f4xx_hal.o
 .debug_abbrev  0x000009f9      0x328 ./Drivers/STM32F4xx_HAL_Driver/Src/stm32f4xx_hal_cortex.o
 .debug_abbrev  0x00000d21      0x221 ./Drivers/STM32F4xx_HAL_Driver/Src/stm32f4xx_hal_dma.o
 .debug_abbrev  0x00000f42      0x1d3 ./Drivers/STM32F4xx_HAL_Driver/Src/stm32f4xx_hal_gpio.o
 .debug_abbrev  0x00001115      0x2b5 ./Drivers/STM32F4xx_HAL_Driver/Src/stm32f4xx_hal_rcc.o
 .debug_abbrev  0x000013ca      0x28b ./Drivers/STM32F4xx_HAL_Driver/Src/stm32f4xx_hal_tim.o
 .debug_abbrev  0x00001655      0x31b ./Drivers/STM32F4xx_HAL_Driver/Src/stm32f4xx_hal_uart.o
 .debug_abbrev  0x00001970      0x17c ./User/Src/button.o
 .debug_abbrev  0x00001aec      0x1b6 ./User/Src/delay.o
 .debug_abbrev  0x00001ca2      0x1f6 ./User/Src/external_int.o
 .debug_abbrev  0x00001e98      0x171 ./User/Src/fnd.o
 .debug_abbrev  0x00002009      0x193 ./User/Src/stepper.o
 .debug_abbrev  0x0000219c      0x1e3 ./User/Src/uart.o

.debug_aranges  0x00000000      0xba8
 .debug_aranges
                0x00000000       0x48 ./Core/Src/main.o
 .debug_aranges
                0x00000048       0x40 ./Core/Src/stm32f4xx_hal_msp.o
 .debug_aranges
                0x00000088       0x80 ./Core/Src/stm32f4xx_it.o
 .debug_aranges
                0x00000108       0x28 ./Core/Src/system_stm32f4xx.o
 .debug_aranges
                0x00000130       0x28 ./Core/Startup/startup_stm32f411retx.o
 .debug_aranges
                0x00000158       0xf0 ./Drivers/STM32F4xx_HAL_Driver/Src/stm32f4xx_hal.o
 .debug_aranges
                0x00000248      0x120 ./Drivers/STM32F4xx_HAL_Driver/Src/stm32f4xx_hal_cortex.o
 .debug_aranges
                0x00000368       0x90 ./Drivers/STM32F4xx_HAL_Driver/Src/stm32f4xx_hal_dma.o
 .debug_aranges
                0x000003f8       0x58 ./Drivers/STM32F4xx_HAL_Driver/Src/stm32f4xx_hal_gpio.o
 .debug_aranges
                0x00000450       0x88 ./Drivers/STM32F4xx_HAL_Driver/Src/stm32f4xx_hal_rcc.o
 .debug_aranges
                0x000004d8      0x3d0 ./Drivers/STM32F4xx_HAL_Driver/Src/stm32f4xx_hal_tim.o
 .debug_aranges
                0x000008a8      0x208 ./Drivers/STM32F4xx_HAL_Driver/Src/stm32f4xx_hal_uart.o
 .debug_aranges
                0x00000ab0       0x20 ./User/Src/button.o
 .debug_aranges
                0x00000ad0       0x28 ./User/Src/delay.o
 .debug_aranges
                0x00000af8       0x20 ./User/Src/external_int.o
 .debug_aranges
                0x00000b18       0x30 ./User/Src/fnd.o
 .debug_aranges
                0x00000b48       0x38 ./User/Src/stepper.o
 .debug_aranges
                0x00000b80       0x28 ./User/Src/uart.o

.debug_rnglists
                0x00000000      0x8ff
 .debug_rnglists
                0x00000000       0x34 ./Core/Src/main.o
 .debug_rnglists
                0x00000034       0x2c ./Core/Src/stm32f4xx_hal_msp.o
 .debug_rnglists
                0x00000060       0x5b ./Core/Src/stm32f4xx_it.o
 .debug_rnglists
                0x000000bb       0x1a ./Core/Src/system_stm32f4xx.o
 .debug_rnglists
                0x000000d5       0x19 ./Core/Startup/startup_stm32f411retx.o
 .debug_rnglists
                0x000000ee       0xaf ./Drivers/STM32F4xx_HAL_Driver/Src/stm32f4xx_hal.o
 .debug_rnglists
                0x0000019d       0xd4 ./Drivers/STM32F4xx_HAL_Driver/Src/stm32f4xx_hal_cortex.o
 .debug_rnglists
                0x00000271       0x70 ./Drivers/STM32F4xx_HAL_Driver/Src/stm32f4xx_hal_dma.o
 .debug_rnglists
                0x000002e1       0x3f ./Drivers/STM32F4xx_HAL_Driver/Src/stm32f4xx_hal_gpio.o
 .debug_rnglists
                0x00000320       0x66 ./Drivers/STM32F4xx_HAL_Driver/Src/stm32f4xx_hal_rcc.o
 .debug_rnglists
                0x00000386      0x31a ./Drivers/STM32F4xx_HAL_Driver/Src/stm32f4xx_hal_tim.o
 .debug_rnglists
                0x000006a0      0x1bc ./Drivers/STM32F4xx_HAL_Driver/Src/stm32f4xx_hal_uart.o
 .debug_rnglists
                0x0000085c       0x14 ./User/Src/button.o
 .debug_rnglists
                0x00000870       0x19 ./User/Src/delay.o
 .debug_rnglists
                0x00000889       0x14 ./User/Src/external_int.o
 .debug_rnglists
                0x0000089d       0x20 ./User/Src/fnd.o
 .debug_rnglists
                0x000008bd       0x27 ./User/Src/stepper.o
 .debug_rnglists
                0x000008e4       0x1b ./User/Src/uart.o

.debug_macro    0x00000000    0x177ba
 .debug_macro   0x00000000      0x35b ./Core/Src/main.o
 .debug_macro   0x0000035b      0xab4 ./Core/Src/main.o
 .debug_macro   0x00000e0f      0x29b ./Core/Src/main.o
 .debug_macro   0x000010aa       0x2e ./Core/Src/main.o
 .debug_macro   0x000010d8       0x28 ./Core/Src/main.o
 .debug_macro   0x00001100       0x22 ./Core/Src/main.o
 .debug_macro   0x00001122       0x8e ./Core/Src/main.o
 .debug_macro   0x000011b0       0x51 ./Core/Src/main.o
 .debug_macro   0x00001201      0x103 ./Core/Src/main.o
 .debug_macro   0x00001304       0x6a ./Core/Src/main.o
 .debug_macro   0x0000136e      0x1df ./Core/Src/main.o
 .debug_macro   0x0000154d       0x1c ./Core/Src/main.o
 .debug_macro   0x00001569       0x22 ./Core/Src/main.o
 .debug_macro   0x0000158b       0xfb ./Core/Src/main.o
 .debug_macro   0x00001686     0x1011 ./Core/Src/main.o
 .debug_macro   0x00002697      0x11f ./Core/Src/main.o
 .debug_macro   0x000027b6     0xb953 ./Core/Src/main.o
 .debug_macro   0x0000e109       0x6d ./Core/Src/main.o
 .debug_macro   0x0000e176     0x368c ./Core/Src/main.o
 .debug_macro   0x00011802      0x189 ./Core/Src/main.o
 .debug_macro   0x0001198b       0x5c ./Core/Src/main.o
 .debug_macro   0x000119e7      0x45c ./Core/Src/main.o
 .debug_macro   0x00011e43      0x9e9 ./Core/Src/main.o
 .debug_macro   0x0001282c      0x115 ./Core/Src/main.o
 .debug_macro   0x00012941      0x11b ./Core/Src/main.o
 .debug_macro   0x00012a5c       0xa5 ./Core/Src/main.o
 .debug_macro   0x00012b01      0x15f ./Core/Src/main.o
 .debug_macro   0x00012c60      0x287 ./Core/Src/main.o
 .debug_macro   0x00012ee7       0x5f ./Core/Src/main.o
 .debug_macro   0x00012f46      0x236 ./Core/Src/main.o
 .debug_macro   0x0001317c      0x132 ./Core/Src/main.o
 .debug_macro   0x000132ae      0x264 ./Core/Src/main.o
 .debug_macro   0x00013512       0x2e ./Core/Src/main.o
 .debug_macro   0x00013540      0x127 ./Core/Src/main.o
 .debug_macro   0x00013667       0x85 ./Core/Src/main.o
 .debug_macro   0x000136ec       0x89 ./Core/Src/main.o
 .debug_macro   0x00013775      0x8ed ./Core/Src/main.o
 .debug_macro   0x00014062       0x47 ./Core/Src/main.o
 .debug_macro   0x000140a9      0x2aa ./Core/Src/main.o
 .debug_macro   0x00014353      0x126 ./Core/Src/main.o
 .debug_macro   0x00014479       0xe8 ./Core/Src/main.o
 .debug_macro   0x00014561       0x61 ./Core/Src/main.o
 .debug_macro   0x000145c2       0x2a ./Core/Src/main.o
 .debug_macro   0x000145ec       0x43 ./Core/Src/main.o
 .debug_macro   0x0001462f       0x34 ./Core/Src/main.o
 .debug_macro   0x00014663       0x16 ./Core/Src/main.o
 .debug_macro   0x00014679       0x35 ./Core/Src/main.o
 .debug_macro   0x000146ae      0x369 ./Core/Src/main.o
 .debug_macro   0x00014a17       0x10 ./Core/Src/main.o
 .debug_macro   0x00014a27       0x16 ./Core/Src/main.o
 .debug_macro   0x00014a3d       0x43 ./Core/Src/main.o
 .debug_macro   0x00014a80       0x34 ./Core/Src/main.o
 .debug_macro   0x00014ab4       0x10 ./Core/Src/main.o
 .debug_macro   0x00014ac4       0x58 ./Core/Src/main.o
 .debug_macro   0x00014b1c       0x8e ./Core/Src/main.o
 .debug_macro   0x00014baa       0x1c ./Core/Src/main.o
 .debug_macro   0x00014bc6      0x177 ./Core/Src/main.o
 .debug_macro   0x00014d3d       0x16 ./Core/Src/main.o
 .debug_macro   0x00014d53       0x16 ./Core/Src/main.o
 .debug_macro   0x00014d69      0x146 ./Core/Src/main.o
 .debug_macro   0x00014eaf       0x16 ./Core/Src/main.o
 .debug_macro   0x00014ec5       0x16 ./Core/Src/main.o
 .debug_macro   0x00014edb       0x29 ./Core/Src/main.o
 .debug_macro   0x00014f04       0x22 ./Core/Src/main.o
 .debug_macro   0x00014f26       0x1c ./Core/Src/main.o
 .debug_macro   0x00014f42       0x46 ./Core/Src/main.o
 .debug_macro   0x00014f88       0x6a ./Core/Src/main.o
 .debug_macro   0x00014ff2      0x1dd ./Core/Src/stm32f4xx_hal_msp.o
 .debug_macro   0x000151cf      0x1e7 ./Core/Src/stm32f4xx_it.o
 .debug_macro   0x000153b6      0x1ce ./Core/Src/system_stm32f4xx.o
 .debug_macro   0x00015584      0x22e ./Drivers/STM32F4xx_HAL_Driver/Src/stm32f4xx_hal.o
 .debug_macro   0x000157b2      0x1ce ./Drivers/STM32F4xx_HAL_Driver/Src/stm32f4xx_hal_cortex.o
 .debug_macro   0x00015980      0x1d4 ./Drivers/STM32F4xx_HAL_Driver/Src/stm32f4xx_hal_dma.o
 .debug_macro   0x00015b54      0x1d4 ./Drivers/STM32F4xx_HAL_Driver/Src/stm32f4xx_hal_gpio.o
 .debug_macro   0x00015d28      0x1f2 ./Drivers/STM32F4xx_HAL_Driver/Src/stm32f4xx_hal_rcc.o
 .debug_macro   0x00015f1a      0x1cf ./Drivers/STM32F4xx_HAL_Driver/Src/stm32f4xx_hal_tim.o
 .debug_macro   0x000160e9      0x1cf ./Drivers/STM32F4xx_HAL_Driver/Src/stm32f4xx_hal_uart.o
 .debug_macro   0x000162b8      0x305 ./User/Src/button.o
 .debug_macro   0x000165bd       0x9e ./User/Src/button.o
 .debug_macro   0x0001665b      0x10b ./User/Src/button.o
 .debug_macro   0x00016766       0x56 ./User/Src/button.o
 .debug_macro   0x000167bc      0x30f ./User/Src/delay.o
 .debug_macro   0x00016acb      0x33b ./User/Src/external_int.o
 .debug_macro   0x00016e06      0x30a ./User/Src/fnd.o
 .debug_macro   0x00017110       0x64 ./User/Src/fnd.o
 .debug_macro   0x00017174      0x31e ./User/Src/stepper.o
 .debug_macro   0x00017492      0x328 ./User/Src/uart.o

.debug_line     0x00000000    0x11051
 .debug_line    0x00000000      0xcb8 ./Core/Src/main.o
 .debug_line    0x00000cb8      0x88f ./Core/Src/stm32f4xx_hal_msp.o
 .debug_line    0x00001547      0x92a ./Core/Src/stm32f4xx_it.o
 .debug_line    0x00001e71      0x88a ./Core/Src/system_stm32f4xx.o
 .debug_line    0x000026fb       0x7a ./Core/Startup/startup_stm32f411retx.o
 .debug_line    0x00002775      0xaf3 ./Drivers/STM32F4xx_HAL_Driver/Src/stm32f4xx_hal.o
 .debug_line    0x00003268      0xdbb ./Drivers/STM32F4xx_HAL_Driver/Src/stm32f4xx_hal_cortex.o
 .debug_line    0x00004023     0x1063 ./Drivers/STM32F4xx_HAL_Driver/Src/stm32f4xx_hal_dma.o
 .debug_line    0x00005086      0xc43 ./Drivers/STM32F4xx_HAL_Driver/Src/stm32f4xx_hal_gpio.o
 .debug_line    0x00005cc9      0xe66 ./Drivers/STM32F4xx_HAL_Driver/Src/stm32f4xx_hal_rcc.o
 .debug_line    0x00006b2f     0x3671 ./Drivers/STM32F4xx_HAL_Driver/Src/stm32f4xx_hal_tim.o
 .debug_line    0x0000a1a0     0x29c5 ./Drivers/STM32F4xx_HAL_Driver/Src/stm32f4xx_hal_uart.o
 .debug_line    0x0000cb65      0xb12 ./User/Src/button.o
 .debug_line    0x0000d677      0xb00 ./User/Src/delay.o
 .debug_line    0x0000e177      0xb71 ./User/Src/external_int.o
 .debug_line    0x0000ece8      0xb29 ./User/Src/fnd.o
 .debug_line    0x0000f811      0xc2f ./User/Src/stepper.o
 .debug_line    0x00010440      0xc11 ./User/Src/uart.o

.debug_str      0x00000000    0x8e17c
 .debug_str     0x00000000    0x8b891 ./Core/Src/main.o
                              0x8bc0a (size before relaxing)
 .debug_str     0x0008b891       0xcd ./Core/Src/stm32f4xx_hal_msp.o
                              0x87f35 (size before relaxing)
 .debug_str     0x0008b95e      0x13f ./Core/Src/stm32f4xx_it.o
                              0x87786 (size before relaxing)
 .debug_str     0x0008ba9d       0xdb ./Core/Src/system_stm32f4xx.o
                              0x87053 (size before relaxing)
 .debug_str     0x0008bb78       0x44 ./Core/Startup/startup_stm32f411retx.o
                                 0x81 (size before relaxing)
 .debug_str     0x0008bbbc      0x5f5 ./Drivers/STM32F4xx_HAL_Driver/Src/stm32f4xx_hal.o
                              0x87a7f (size before relaxing)
 .debug_str     0x0008c1b1      0x333 ./Drivers/STM32F4xx_HAL_Driver/Src/stm32f4xx_hal_cortex.o
                              0x877b7 (size before relaxing)
 .debug_str     0x0008c4e4      0x323 ./Drivers/STM32F4xx_HAL_Driver/Src/stm32f4xx_hal_dma.o
                              0x8745b (size before relaxing)
 .debug_str     0x0008c807      0x108 ./Drivers/STM32F4xx_HAL_Driver/Src/stm32f4xx_hal_gpio.o
                              0x871ce (size before relaxing)
 .debug_str     0x0008c90f      0x233 ./Drivers/STM32F4xx_HAL_Driver/Src/stm32f4xx_hal_rcc.o
                              0x87487 (size before relaxing)
 .debug_str     0x0008cb42      0xe76 ./Drivers/STM32F4xx_HAL_Driver/Src/stm32f4xx_hal_tim.o
                              0x883cb (size before relaxing)
 .debug_str     0x0008d9b8      0x5ea ./Drivers/STM32F4xx_HAL_Driver/Src/stm32f4xx_hal_uart.o
                              0x87a56 (size before relaxing)
 .debug_str     0x0008dfa2       0x4a ./User/Src/button.o
                              0x8ab48 (size before relaxing)
 .debug_str     0x0008dfec       0x1d ./User/Src/delay.o
                              0x8b025 (size before relaxing)
 .debug_str     0x0008e009       0x47 ./User/Src/external_int.o
                              0x8b26c (size before relaxing)
 .debug_str     0x0008e050       0x38 ./User/Src/fnd.o
                              0x8ac72 (size before relaxing)
 .debug_str     0x0008e088       0x82 ./User/Src/stepper.o
                              0x8ac8a (size before relaxing)
 .debug_str     0x0008e10a       0x72 ./User/Src/uart.o
                              0x8b129 (size before relaxing)

.comment        0x00000000       0x43
 .comment       0x00000000       0x43 ./Core/Src/main.o
                                 0x44 (size before relaxing)
 .comment       0x00000043       0x44 ./Core/Src/stm32f4xx_hal_msp.o
 .comment       0x00000043       0x44 ./Core/Src/stm32f4xx_it.o
 .comment       0x00000043       0x44 ./Core/Src/system_stm32f4xx.o
 .comment       0x00000043       0x44 ./Drivers/STM32F4xx_HAL_Driver/Src/stm32f4xx_hal.o
 .comment       0x00000043       0x44 ./Drivers/STM32F4xx_HAL_Driver/Src/stm32f4xx_hal_cortex.o
 .comment       0x00000043       0x44 ./Drivers/STM32F4xx_HAL_Driver/Src/stm32f4xx_hal_dma.o
 .comment       0x00000043       0x44 ./Drivers/STM32F4xx_HAL_Driver/Src/stm32f4xx_hal_gpio.o
 .comment       0x00000043       0x44 ./Drivers/STM32F4xx_HAL_Driver/Src/stm32f4xx_hal_rcc.o
 .comment       0x00000043       0x44 ./Drivers/STM32F4xx_HAL_Driver/Src/stm32f4xx_hal_tim.o
 .comment       0x00000043       0x44 ./Drivers/STM32F4xx_HAL_Driver/Src/stm32f4xx_hal_uart.o
 .comment       0x00000043       0x44 ./User/Src/button.o
 .comment       0x00000043       0x44 ./User/Src/delay.o
 .comment       0x00000043       0x44 ./User/Src/external_int.o
 .comment       0x00000043       0x44 ./User/Src/fnd.o
 .comment       0x00000043       0x44 ./User/Src/stepper.o
 .comment       0x00000043       0x44 ./User/Src/uart.o

.debug_frame    0x00000000     0x2ef4
 .debug_frame   0x00000000       0xc4 ./Core/Src/main.o
 .debug_frame   0x000000c4       0xcc ./Core/Src/stm32f4xx_hal_msp.o
 .debug_frame   0x00000190      0x174 ./Core/Src/stm32f4xx_it.o
 .debug_frame   0x00000304       0x58 ./Core/Src/system_stm32f4xx.o
 .debug_frame   0x0000035c      0x374 ./Drivers/STM32F4xx_HAL_Driver/Src/stm32f4xx_hal.o
 .debug_frame   0x000006d0      0x4b8 ./Drivers/STM32F4xx_HAL_Driver/Src/stm32f4xx_hal_cortex.o
 .debug_frame   0x00000b88      0x250 ./Drivers/STM32F4xx_HAL_Driver/Src/stm32f4xx_hal_dma.o
 .debug_frame   0x00000dd8      0x14c ./Drivers/STM32F4xx_HAL_Driver/Src/stm32f4xx_hal_gpio.o
 .debug_frame   0x00000f24      0x1f4 ./Drivers/STM32F4xx_HAL_Driver/Src/stm32f4xx_hal_rcc.o
 .debug_frame   0x00001118     0x11b8 ./Drivers/STM32F4xx_HAL_Driver/Src/stm32f4xx_hal_tim.o
 .debug_frame   0x000022d0      0x954 ./Drivers/STM32F4xx_HAL_Driver/Src/stm32f4xx_hal_uart.o
 .debug_frame   0x00002c24       0x34 ./User/Src/button.o
 .debug_frame   0x00002c58       0x50 ./User/Src/delay.o
 .debug_frame   0x00002ca8       0x34 ./User/Src/external_int.o
 .debug_frame   0x00002cdc       0x6c ./User/Src/fnd.o
 .debug_frame   0x00002d48       0xa4 ./User/Src/stepper.o
 .debug_frame   0x00002dec       0x5c ./User/Src/uart.o
 .debug_frame   0x00002e48       0x20 D:/Application/ST/STM32CubeIDE_1.16.0/STM32CubeIDE/plugins/com.st.stm32cube.ide.mcu.externaltools.gnu-tools-for-stm32.12.3.rel1.win32_1.0.200.202406191623/tools/bin/../lib/gcc/arm-none-eabi/12.3.1/../../../../arm-none-eabi/lib/thumb/v7e-m+fp/hard\libc_nano.a(libc_a-memset.o)
 .debug_frame   0x00002e68       0x2c D:/Application/ST/STM32CubeIDE_1.16.0/STM32CubeIDE/plugins/com.st.stm32cube.ide.mcu.externaltools.gnu-tools-for-stm32.12.3.rel1.win32_1.0.200.202406191623/tools/bin/../lib/gcc/arm-none-eabi/12.3.1/../../../../arm-none-eabi/lib/thumb/v7e-m+fp/hard\libc_nano.a(libc_a-init.o)
 .debug_frame   0x00002e94       0x2c D:/Application/ST/STM32CubeIDE_1.16.0/STM32CubeIDE/plugins/com.st.stm32cube.ide.mcu.externaltools.gnu-tools-for-stm32.12.3.rel1.win32_1.0.200.202406191623/tools/bin/../lib/gcc/arm-none-eabi/12.3.1/thumb/v7e-m+fp/hard\libgcc.a(_aeabi_uldivmod.o)
 .debug_frame   0x00002ec0       0x34 D:/Application/ST/STM32CubeIDE_1.16.0/STM32CubeIDE/plugins/com.st.stm32cube.ide.mcu.externaltools.gnu-tools-for-stm32.12.3.rel1.win32_1.0.200.202406191623/tools/bin/../lib/gcc/arm-none-eabi/12.3.1/thumb/v7e-m+fp/hard\libgcc.a(_udivmoddi4.o)

.debug_line_str
                0x00000000       0x65
 .debug_line_str
                0x00000000       0x65 ./Core/Startup/startup_stm32f411retx.o
